
> ead-platform@0.1.0 build
> next build

node.exe :  ÔÜá Warning: Next.js inferred your workspace root, but it 
may not be correct.
No linha:1 caractere:1
+ & "C:\Program Files\nodejs/node.exe" "C:\Program Files\nodejs/node_mo 
...
+ ~~~~~~~~~~~~~~~~~~~~~~~~~~~~~~~~~~~~~~~~~~~~~~~~~~~~~~~~~~~~~~~~~~~~~
    + CategoryInfo          : NotSpecified: ( ÔÜá Warning: N...not be c 
   orrect.:String) [], RemoteException
    + FullyQualifiedErrorId : NativeCommandError
 
 We detected multiple lockfiles and selected the directory of 
C:\Users\matte\package-lock.json as the root directory.
 To silence this warning, set `turbopack.root` in your Next.js config, 
or consider removing one of the lockfiles if it's not needed.
   See https://nextjs.org/docs/app/api-reference/config/next-config-js/t
urbopack#root-directory for more information.
 Detected additional lockfiles: 
   * C:\Users\matte\Desktop\EAD Top 2027 para inpeace\package-lock.json

   Ôû▓ Next.js 16.0.7 (Turbopack)
   - Environments: .env.local

   Creating an optimized production build ...
 Ô£ô Compiled successfully in 30.0s
   Running TypeScript ...
   Collecting page data using 15 workers ...
   Generating static pages using 15 workers (0/50) ...
   Generating static pages using 15 workers (12/50) 
   Generating static pages using 15 workers (24/50) 
   Generating static pages using 15 workers (37/50) 
 Ô£ô Generating static pages using 15 workers (50/50) in 4.3s
   Finalizing page optimization ...

Route (app)
Ôöî Ôùï /
Ôö£ Ôùï /_not-found
Ôö£ Ôùï /admin
Ôö£ Ôùï /admin/achievements
Ôö£ Ôùï /admin/announcements
Ôö£ Ôùï /admin/categories
Ôö£ Ôùï /admin/certificates
Ôö£ Ôùï /admin/courses
Ôö£ ãÆ /admin/courses/[id]
Ôö£ Ôùï /admin/courses/new
Ôö£ Ôùï /admin/professors
Ôö£ Ôùï /admin/reports
Ôö£ Ôùï /admin/settings
Ôö£ Ôùï /admin/students
Ôö£ Ôùï /admin/users
Ôö£ Ôùï /admin/users/new
Ôö£ ãÆ /api/users/create
Ôö£ ãÆ /certificate/[code]
Ôö£ Ôùï /dashboard
Ôö£ Ôùï /notifications
Ôö£ Ôùï /professor
Ôö£ Ôùï /professor/courses
Ôö£ ãÆ /professor/courses/[courseId]
Ôö£ ãÆ /professor/courses/[courseId]/edit
Ôö£ Ôùï /professor/courses/new
Ôö£ Ôùï /professor/quizzes
Ôö£ Ôùï /professor/students
Ôö£ Ôùï /settings
Ôö£ Ôùï /setup
Ôö£ ãÆ /sign-in/[[...sign-in]]
Ôö£ ãÆ /sign-up/[[...sign-up]]
Ôö£ Ôùï /student
Ôö£ Ôùï /student/achievements
Ôö£ Ôùï /student/certificates
Ôö£ Ôùï /student/community
Ôö£ ãÆ /student/community/topic/[topicId]
Ôö£ Ôùï /student/continue
Ôö£ Ôùï /student/courses
Ôö£ ãÆ /student/courses/[courseId]
Ôö£ ãÆ /student/courses/[courseId]/learn
Ôö£ Ôùï /student/leaderboard
Ôö£ Ôùï /student/notifications
Ôö£ Ôùï /student/progress
Ôö£ ãÆ /student/quiz/[quizId]
Ôö£ Ôùï /student/quizzes
Ôö£ Ôùï /student/ranking
Ôö£ Ôùï /student/search
Ôö£ Ôùï /superadmin
Ôö£ Ôùï /superadmin/appearance
Ôö£ Ôùï /superadmin/metrics
Ôö£ Ôùï /superadmin/organizations
Ôö£ Ôùï /superadmin/organizations/new
Ôö£ Ôùï /superadmin/payments
Ôö£ Ôùï /superadmin/plans
Ôö£ Ôùï /superadmin/reports
Ôö£ Ôùï /superadmin/settings
Ôö£ Ôùï /superadmin/users
Ôö£ ãÆ /superadmin/users/[id]
Ôöö Ôùï /superadmin/users/new


ãÆ Proxy (Middleware)

Ôùï  (Static)   prerendered as static content
ãÆ  (Dynamic)  server-rendered on demand

